// Jest Snapshot v1, https://goo.gl/fbAQLP

exports[`Icon-Text Component should display text 1`] = `
<div
  id="root0"
>
  <app-icon-text
    text="FOOBAR"
  >
    <div
      class="icon-text"
    >
      <span
        class="icon-icon"
      >
        <mat-icon
          aria-hidden="true"
          class="mat-icon notranslate material-icons mat-icon-inline mat-icon-no-color"
          inline="true"
          role="img"
        >
          
        </mat-icon>
      </span>
      <span>
        FOOBAR
      </span>
    </div>
  </app-icon-text>
</div>
`;
